<?xml version="1.0" encoding="utf-8"?>
<TestRun id="ebc9394d-eda7-42ae-acfb-de8ee88c2ef6" name="anin@DESKTOP-TG6K404 2021-03-02 20:52:18" runUser="ADS\anin" xmlns="http://microsoft.com/schemas/VisualStudio/TeamTest/2010">
  <Times creation="2021-03-02T20:52:18.5058982+08:00" queuing="2021-03-02T20:52:18.5058987+08:00" start="2021-03-02T20:52:17.7644282+08:00" finish="2021-03-02T20:52:18.5103105+08:00" />
  <TestSettings name="default" id="b9a57fbd-3c38-455c-a19a-f75df4fccbea">
    <Deployment runDeploymentRoot="anin_DESKTOP-TG6K404_2021-03-02_20_52_18" />
  </TestSettings>
  <Results>
    <UnitTestResult executionId="c3bf9b9a-ffa8-48a8-8334-866bab1b736f" testId="5bb4407a-b1f0-2c49-d65d-30f28fdba7c6" testName="TestDummy" computerName="DESKTOP-TG6K404" duration="00:00:00.0066790" startTime="2021-03-02T20:52:18.0000000+08:00" endTime="2021-03-02T20:52:18.0000000+08:00" testType="13cdc9d9-ddb5-4fa4-a97d-d965ccfc6d4b" outcome="Passed" testListId="8c84fa94-04c1-424b-9868-57a2d4851a1d" relativeResultsDirectory="c3bf9b9a-ffa8-48a8-8334-866bab1b736f" />
    <UnitTestResult executionId="3fd4fe1c-b005-49f7-97b1-70ad7a18bf2f" testId="c373b88d-ccba-7507-19c3-4286e5dd8ad6" testName="Test1" computerName="DESKTOP-TG6K404" duration="00:00:00.0189220" startTime="2021-03-02T20:52:18.0000000+08:00" endTime="2021-03-02T20:52:18.0000000+08:00" testType="13cdc9d9-ddb5-4fa4-a97d-d965ccfc6d4b" outcome="Passed" testListId="8c84fa94-04c1-424b-9868-57a2d4851a1d" relativeResultsDirectory="3fd4fe1c-b005-49f7-97b1-70ad7a18bf2f" />
  </Results>
  <TestDefinitions>
    <UnitTest name="Test1" storage="c:\users\anin\source\repos\shortest_path\shortestpath.unittests\bin\debug\net5.0\shortestpath.unittests.dll" id="c373b88d-ccba-7507-19c3-4286e5dd8ad6">
      <Execution id="3fd4fe1c-b005-49f7-97b1-70ad7a18bf2f" />
      <TestMethod codeBase="C:\Users\anin\source\repos\Shortest_Path\ShortestPath.UnitTests\bin\Debug\net5.0\ShortestPath.UnitTests.dll" adapterTypeName="executor://nunit3testexecutor/" className="ShortestPath.UnitTests.Tests" name="Test1" />
    </UnitTest>
    <UnitTest name="TestDummy" storage="c:\users\anin\source\repos\shortest_path\shortestpath.unittests\bin\debug\net5.0\shortestpath.unittests.dll" id="5bb4407a-b1f0-2c49-d65d-30f28fdba7c6">
      <Execution id="c3bf9b9a-ffa8-48a8-8334-866bab1b736f" />
      <TestMethod codeBase="C:\Users\anin\source\repos\Shortest_Path\ShortestPath.UnitTests\bin\Debug\net5.0\ShortestPath.UnitTests.dll" adapterTypeName="executor://nunit3testexecutor/" className="ShortestPath.UnitTests.Tests" name="TestDummy" />
    </UnitTest>
  </TestDefinitions>
  <TestEntries>
    <TestEntry testId="5bb4407a-b1f0-2c49-d65d-30f28fdba7c6" executionId="c3bf9b9a-ffa8-48a8-8334-866bab1b736f" testListId="8c84fa94-04c1-424b-9868-57a2d4851a1d" />
    <TestEntry testId="c373b88d-ccba-7507-19c3-4286e5dd8ad6" executionId="3fd4fe1c-b005-49f7-97b1-70ad7a18bf2f" testListId="8c84fa94-04c1-424b-9868-57a2d4851a1d" />
  </TestEntries>
  <TestLists>
    <TestList name="Results Not in a List" id="8c84fa94-04c1-424b-9868-57a2d4851a1d" />
    <TestList name="All Loaded Results" id="19431567-8539-422a-85d7-44ee4e166bda" />
  </TestLists>
  <ResultSummary outcome="Completed">
    <Counters total="2" executed="2" passed="2" failed="0" error="0" timeout="0" aborted="0" inconclusive="0" passedButRunAborted="0" notRunnable="0" notExecuted="0" disconnected="0" warning="0" completed="0" inProgress="0" pending="0" />
    <Output>
      <StdOut>NUnit Adapter 3.16.1.0: Test execution started&#xD;
Running all tests in C:\Users\anin\source\repos\Shortest_Path\ShortestPath.UnitTests\bin\Debug\net5.0\ShortestPath.UnitTests.dll&#xD;
   NUnit3TestExecutor converted 2 of 2 NUnit test cases&#xD;
NUnit Adapter 3.16.1.0: Test execution complete&#xD;
</StdOut>
    </Output>
  </ResultSummary>
</TestRun>